FFFFFFF.FFFFFFFFF